Flutter crash report.
Please report a bug at https://github.com/flutter/flutter/issues.

## command

flutter test

## exception

FileSystemException: FileSystemException: Cannot create file, path = 'build\unit_test_assets\assets/voice/Vpet/dizzy/%E5%91%BC%E2%80%A6%E5%91%9C%E2%80%A6%E5%A4%B4%E3%80%81%E5%8F%88%E5%BC%80%E5%A7%8B%E6%99%95%E2%80%A6%20%E8%80%B3%E8%BE%B9%E5%97%A1%E5%97%A1%E4%BD%9C%E5%93%8D%EF%BC%8C%E6%98%AF%E4%B9%8B%E5%89%8D%E7%B4%AF%E7%A7%AF%E7%9A%84%E7%96%B2%E5%8A%B3%E4%B8%80%E6%AC%A1%E7%88%86%E5%8F%91%E7%9A%84%E5%90%8E%E6%9E%9C%E5%90%97%EF%BC%9F.wav' (OS Error: 文件名、目录名或卷标语法不正确。
, errno = 123)

```
#0      _File.throwIfError (dart:io/file_impl.dart:675:7)
#1      _File.createSync (dart:io/file_impl.dart:306:5)
#2      ForwardingFile.createSync (package:file/src/forwarding/forwarding_file.dart:26:16)
#3      ErrorHandlingFile.createSync.<anonymous closure> (package:flutter_tools/src/base/error_handling_io.dart:295:22)
#4      _runSync (package:flutter_tools/src/base/error_handling_io.dart:600:14)
#5      ErrorHandlingFile.createSync (package:flutter_tools/src/base/error_handling_io.dart:294:5)
#6      ErrorHandlingFile.copySync.<anonymous closure> (package:flutter_tools/src/base/error_handling_io.dart:332:24)
#7      _runSync (package:flutter_tools/src/base/error_handling_io.dart:600:14)
#8      ErrorHandlingFile.copySync (package:flutter_tools/src/base/error_handling_io.dart:331:5)
#9      writeBundle.<anonymous closure> (package:flutter_tools/src/bundle_builder.dart:233:19)
<asynchronous suspension>
#10     Future.wait.<anonymous closure> (dart:async/future.dart:534:21)
<asynchronous suspension>
#11     writeBundle (package:flutter_tools/src/bundle_builder.dart:187:3)
<asynchronous suspension>
#12     TestCommand._buildTestAsset (package:flutter_tools/src/commands/test.dart:700:7)
<asynchronous suspension>
#13     TestCommand.runCommand (package:flutter_tools/src/commands/test.dart:420:7)
<asynchronous suspension>
#14     FlutterCommand.run.<anonymous closure> (package:flutter_tools/src/runner/flutter_command.dart:1408:27)
<asynchronous suspension>
#15     AppContext.run.<anonymous closure> (package:flutter_tools/src/base/context.dart:153:19)
<asynchronous suspension>
#16     CommandRunner.runCommand (package:args/command_runner.dart:212:13)
<asynchronous suspension>
#17     FlutterCommandRunner.runCommand.<anonymous closure> (package:flutter_tools/src/runner/flutter_command_runner.dart:420:9)
<asynchronous suspension>
#18     AppContext.run.<anonymous closure> (package:flutter_tools/src/base/context.dart:153:19)
<asynchronous suspension>
#19     FlutterCommandRunner.runCommand (package:flutter_tools/src/runner/flutter_command_runner.dart:364:5)
<asynchronous suspension>
#20     run.<anonymous closure>.<anonymous closure> (package:flutter_tools/runner.dart:130:9)
<asynchronous suspension>
#21     AppContext.run.<anonymous closure> (package:flutter_tools/src/base/context.dart:153:19)
<asynchronous suspension>
#22     main (package:flutter_tools/executable.dart:93:3)
<asynchronous suspension>
```

## flutter doctor

```
[✓] Flutter (Channel stable, 3.24.5, on Microsoft Windows [版本 10.0.26200.9457], locale zh-CN)
    • Flutter version 3.24.5 on channel stable at C:\Users\36255\flutter
    • Upstream repository https://github.com/flutter/flutter.git
    • Framework revision dec2ee5c1f (1 year, 10 months ago), 2024-11-13 11:13:06 -0800
    • Engine revision a18df97ca5
    • Dart version 3.5.4
    • DevTools version 2.37.3

[✓] Windows Version (Installed version of Windows is version 10 or higher)

[✓] Android toolchain - develop for Android devices (Android SDK version 34.0.0)
    • Android SDK at C:\Users\36255\AppData\Local\Android\sdk
    • Platform android-34, build-tools 34.0.0
    • Java binary at: C:\Program Files\Microsoft\jdk-17.0.19.10-hotspot\bin\java
    • Java version OpenJDK Runtime Environment Microsoft-13877129 (build 17.0.19+10-LTS)
    • All Android licenses accepted.

[✓] Chrome - develop for the web
    • Chrome at C:\Program Files\Google\Chrome\Application\chrome.exe

[✓] Visual Studio - develop Windows apps (Visual Studio 生成工具 2022 17.14.28)
    • Visual Studio at C:\Program Files (x86)\Microsoft Visual Studio\2022\BuildTools
    • Visual Studio 生成工具 2022 version 17.14.37027.9
    • Windows 10 SDK version 10.0.26100.0

[!] Android Studio (not installed)
    • Android Studio not found; download from https://developer.android.com/studio/index.html
      (or visit https://flutter.dev/to/windows-android-setup for detailed instructions).

[✓] VS Code, 64-bit edition (version 1.108.1)
    • VS Code at C:\Program Files\Microsoft VS Code
    • Flutter extension can be installed from:
      🔨 https://marketplace.visualstudio.com/items?itemName=Dart-Code.flutter

[✓] Connected device (3 available)
    • Windows (desktop) • windows • windows-x64    • Microsoft Windows [版本 10.0.26200.9457]
    • Chrome (web)      • chrome  • web-javascript • Google Chrome 152.0.7977.83
    • Edge (web)        • edge    • web-javascript • Microsoft Edge 153.0.4234.32

[!] Network resources
    ✗ A network error occurred while checking "https://maven.google.com/": 信号灯超时时间已到


! Doctor found issues in 2 categories.
```
